Microchip MPLAB XC8 Compiler V2.32

Linker command line:

-W-3 --edf=/opt/microchip/xc8/v2.32/pic/dat/en_msgs.txt -cn \
  -h+dist/simulator/production/i2c_slave_with_mcc_core_5.0.2.X.production.sym \
  --cmf=dist/simulator/production/i2c_slave_with_mcc_core_5.0.2.X.production.cmf \
  -z -w9 --disl=596:off --norlf -Q16F18325 -o/tmp/xcXkgfNpK \
  --defsym=__MPLAB_BUILD=1 \
  -Mdist/simulator/production/i2c_slave_with_mcc_core_5.0.2.X.production.map \
  -E1 -ver=XC8 Compiler --acfsm=1493 -ACODE=00h-07FFhx4 \
  -ASTRCODE=00h-01FFFh -ASTRING=00h-0FFhx32 -ACONST=00h-0FFhx32 \
  -AENTRY=00h-0FFhx32 -ACOMMON=070h-07Fh -ABANK0=020h-06Fh \
  -ABANK1=0A0h-0EFh -ABANK2=0120h-016Fh -ABANK3=01A0h-01EFh \
  -ABANK4=0220h-026Fh -ABANK5=02A0h-02EFh -ABANK6=0320h-036Fh \
  -ABANK7=03A0h-03EFh -ABANK8=0420h-046Fh -ABANK9=04A0h-04EFh \
  -ABANK10=0520h-056Fh -ABANK11=05A0h-05EFh -ABANK12=0620h-064Fh \
  -ABIGRAM=02000h-023EFh \
  -ARAM=020h-06Fh,0A0h-0EFh,0120h-016Fh,01A0h-01EFh,0220h-026Fh,02A0h-02EFh,0320h-036Fh,03A0h-03EFh,0420h-046Fh,04A0h-04EFh,0520h-056Fh,05A0h-05EFh,0620h-064Fh \
  -AABS1=020h-07Fh,0A0h-0EFh,0120h-016Fh,01A0h-01EFh,0220h-026Fh,02A0h-02EFh,0320h-036Fh,03A0h-03EFh,0420h-046Fh,04A0h-04EFh,0520h-056Fh,05A0h-05EFh,0620h-064Fh \
  -ASFR0=00h-01Fh -ASFR1=080h-09Fh -ASFR2=0100h-011Fh -ASFR3=0180h-019Fh \
  -ASFR4=0200h-021Fh -ASFR5=0280h-029Fh -ASFR6=0300h-031Fh \
  -ASFR7=0380h-039Fh -ASFR8=0400h-041Fh -ASFR9=0480h-049Fh \
  -ASFR10=0500h-051Fh -ASFR11=0580h-059Fh -ASFR12=0600h-061Fh \
  -ASFR13=0680h-06EFh -ASFR14=0700h-076Fh -ASFR15=0780h-07EFh \
  -ASFR16=0800h-086Fh -ASFR17=0880h-08EFh -ASFR18=0900h-096Fh \
  -ASFR19=0980h-09EFh -ASFR20=0A00h-0A6Fh -ASFR21=0A80h-0AEFh \
  -ASFR22=0B00h-0B6Fh -ASFR23=0B80h-0BEFh -ASFR24=0C00h-0C6Fh \
  -ASFR25=0C80h-0CEFh -ASFR26=0D00h-0D6Fh -ASFR27=0D80h-0DEFh \
  -ASFR28=0E00h-0E6Fh -ASFR29=0E80h-0EEFh -ASFR30=0F00h-0F6Fh \
  -ASFR31=0F80h-0FEFh -ACONFIG=08007h-0800Ah -DCONFIG=2 \
  -AIDLOC=08000h-08003h -DIDLOC=2 -AEEDATA=00h-0FFh/0F000h \
  -peeprom_data=EEDATA -DEEDATA=2 -DCODE=2 -DSTRCODE=2 -DSTRING=2 -DCONST=2 \
  -DENTRY=2 -preset_vec=00h,intentry,init,end_init -ppowerup=CODE \
  -pcinit=CODE -pfunctab=ENTRY -k /tmp/xcXnobfJl.o \
  dist/simulator/production/i2c_slave_with_mcc_core_5.0.2.X.production.o 

Object code version is 3.11

Machine type is 16F18325



                Name                               Link     Load   Length Selector   Space Scale
/tmp/xcXnobfJl.o
                end_init                             25       25        3        0       0
                reset_vec                             0        0        2        0       0
                config                             8007     8007        4        0       4
dist/simulator/production/i2c_slave_with_mcc_core_5.0.2.X.production.o
                cinit                               7D8      7D8       28      FB0       0
                intentry                              2        2       23        0       0
                config                             8007     8007        4        0       4
                text39                              52A      52A        5      A54       0
                text38                              51A      51A        4      A34       0
                text37                              50E      50E        3      A1C       0
                text36                              51E      51E        4      A3C       0
                text35                              56F      56F        7      ADE       0
                text34                              5FD      5FD       14      BFA       0
                text33                              5A8      5A8        D      B50       0
                text32                              511      511        3      A22       0
                text31                              576      576        7      AEC       0
                text30                              522      522        4      A44       0
                text29                              57D      57D        7      AFA       0
                text28                              584      584        7      B08       0
                text27                              677      677       39      CEE       0
                text26                              5B5      5B5        D      B6A       0
                text25                              514      514        3      A28       0
                text24                              52F      52F        5      A5E       0
                text23                              539      539        6      A72       0
                text22                              534      534        5      A68       0
                text21                              611      611       1A      C22       0
                text20                              5C2      5C2        D      B84       0
                text19                              6EF      6EF       69      DDE       0
                text17                              517      517        3      A2E       0
                text16                              5EC      5EC       11      BD8       0
                text15                              53F      53F        6      A7E       0
                text14                              545      545        6      A8A       0
                text13                              54B      54B        6      A96       0
                text12                              551      551        6      AA2       0
                text11                              557      557        6      AAE       0
                text10                              55D      55D        6      ABA       0
                text9                               563      563        6      AC6       0
                text8                               569      569        6      AD2       0
                text7                               6B0      6B0       3F      D60       0
                text6                               5CF      5CF        D      B9E       0
                text5                               593      593        9      B26       0
                text4                               64E      64E       29      C9C       0
                text3                               58B      58B        8      B16       0
                text2                               526      526        4      A4C       0
                text1                               5DC      5DC       10      BB8       0
                maintext                            62B      62B       23      C56       0
                cstackBANK0                          2C       2C        2       20       1
                cstackCOMMON                         76       76        5       70       1
                inittext                            59C      59C        C      B38       0
                bssBANK0                             20       20        C       20       1
                dataCOMMON                           7B       7B        1       70       1
                bssCOMMON                            70       70        6       70       1
                idataCOMMON                         50D      50D        1      A1A       0
                idataBIGRAM                         758      758       80      EB0       0

TOTAL           Name                               Link     Load   Length     Space
        CLASS   CODE           
                end_init                             25       25        3         0
                cinit                               7D8      7D8       28         0
                intentry                              2        2       23         0
                reset_vec                             0        0        2         0
                text39                              52A      52A        5         0
                text38                              51A      51A        4         0
                text37                              50E      50E        3         0
                text36                              51E      51E        4         0
                text35                              56F      56F        7         0
                text34                              5FD      5FD       14         0
                text33                              5A8      5A8        D         0
                text32                              511      511        3         0
                text31                              576      576        7         0
                text30                              522      522        4         0
                text29                              57D      57D        7         0
                text28                              584      584        7         0
                text27                              677      677       39         0
                text26                              5B5      5B5        D         0
                text25                              514      514        3         0
                text24                              52F      52F        5         0
                text23                              539      539        6         0
                text22                              534      534        5         0
                text21                              611      611       1A         0
                text20                              5C2      5C2        D         0
                text19                              6EF      6EF       69         0
                text17                              517      517        3         0
                text16                              5EC      5EC       11         0
                text15                              53F      53F        6         0
                text14                              545      545        6         0
                text13                              54B      54B        6         0
                text12                              551      551        6         0
                text11                              557      557        6         0
                text10                              55D      55D        6         0
                text9                               563      563        6         0
                text8                               569      569        6         0
                text7                               6B0      6B0       3F         0
                text6                               5CF      5CF        D         0
                text5                               593      593        9         0
                text4                               64E      64E       29         0
                text3                               58B      58B        8         0
                text2                               526      526        4         0
                text1                               5DC      5DC       10         0
                maintext                            62B      62B       23         0
                inittext                            59C      59C        C         0
                idataCOMMON                         50D      50D        1         0
                idataBIGRAM                         758      758       80         0

        CLASS   STRCODE        

        CLASS   STRING         

        CLASS   CONST          

        CLASS   ENTRY          

        CLASS   COMMON         
                cstackCOMMON                         76       76        5         1
                dataCOMMON                           7B       7B        1         1
                bssCOMMON                            70       70        6         1

        CLASS   BANK0          
                cstackBANK0                          2C       2C        2         1
                bssBANK0                             20       20        C         1

        CLASS   BANK1          

        CLASS   BANK2          

        CLASS   BANK3          

        CLASS   BANK4          

        CLASS   BANK5          

        CLASS   BANK6          

        CLASS   BANK7          

        CLASS   BANK8          

        CLASS   BANK9          

        CLASS   BANK10         

        CLASS   BANK11         

        CLASS   BANK12         

        CLASS   BIGRAM         

        CLASS   RAM            

        CLASS   ABS1           
                abs_s1                               7E       7E        2         1
                abs_s1                              5A0      5A0       50         1
                abs_s1                              620      620       30         1
                abs_s1                             2370     2370        0         1

        CLASS   SFR0           

        CLASS   SFR1           

        CLASS   SFR2           

        CLASS   SFR3           

        CLASS   SFR4           

        CLASS   SFR5           

        CLASS   SFR6           

        CLASS   SFR7           

        CLASS   SFR8           

        CLASS   SFR9           

        CLASS   SFR10          

        CLASS   SFR11          

        CLASS   SFR12          

        CLASS   SFR13          

        CLASS   SFR14          

        CLASS   SFR15          

        CLASS   SFR16          

        CLASS   SFR17          

        CLASS   SFR18          

        CLASS   SFR19          

        CLASS   SFR20          

        CLASS   SFR21          

        CLASS   SFR22          

        CLASS   SFR23          

        CLASS   SFR24          

        CLASS   SFR25          

        CLASS   SFR26          

        CLASS   SFR27          

        CLASS   SFR28          

        CLASS   SFR29          

        CLASS   SFR30          

        CLASS   SFR31          

        CLASS   CONFIG         
                config                             8007     8007        4         4

        CLASS   IDLOC          

        CLASS   EEDATA         

        CLASS   BANK31         

        CLASS   BANK30         

        CLASS   BANK29         

        CLASS   BANK28         

        CLASS   BANK27         

        CLASS   BANK26         

        CLASS   BANK25         

        CLASS   BANK24         

        CLASS   BANK23         

        CLASS   BANK22         

        CLASS   BANK21         

        CLASS   BANK20         

        CLASS   BANK19         

        CLASS   BANK18         

        CLASS   BANK17         

        CLASS   BANK16         

        CLASS   BANK15         

        CLASS   BANK14         

        CLASS   BANK13         

        CLASS   STACK          



SEGMENTS        Name                           Load    Length   Top    Selector   Space  Class     Delta

                text13                         00054B  000006  000551       A96       0  CODE        2
                text15                         00053F  000006  000545       A7E       0  CODE        2
                text14                         000545  000006  00054B       A8A       0  CODE        2
                text12                         000551  000006  000557       AA2       0  CODE        2
                reset_vec                      000000  000028  000028         0       0  CODE        2
                text11                         000557  000006  00055D       AAE       0  CODE        2
                text23                         000539  000006  00053F       A72       0  CODE        2
                text22                         000534  000005  000539       A68       0  CODE        2
                text10                         00055D  000006  000563       ABA       0  CODE        2
                text9                          000563  000006  000569       AC6       0  CODE        2
                text8                          000569  000006  00056F       AD2       0  CODE        2
                text24                         00052F  000005  000534       A5E       0  CODE        2
                text2                          000526  000004  00052A       A4C       0  CODE        2
                text30                         000522  000004  000526       A44       0  CODE        2
                text39                         00052A  000005  00052F       A54       0  CODE        2
                text35                         00056F  000007  000576       ADE       0  CODE        2
                text29                         00057D  000007  000584       AFA       0  CODE        2
                text3                          00058B  000008  000593       B16       0  CODE        2
                text28                         000584  000007  00058B       B08       0  CODE        2
                text31                         000576  000007  00057D       AEC       0  CODE        2
                text36                         00051E  000004  000522       A3C       0  CODE        2
                text32                         000511  000003  000514       A22       0  CODE        2
                idataCOMMON                    00050D  000001  00050E       A1A       0  CODE        2
                text37                         00050E  000003  000511       A1C       0  CODE        2
                text38                         00051A  000004  00051E       A34       0  CODE        2
                text17                         000517  000003  00051A       A2E       0  CODE        2
                text25                         000514  000003  000517       A28       0  CODE        2
                text5                          000593  000009  00059C       B26       0  CODE        2
                text19                         0006EF  000069  000758       DDE       0  CODE        2
                idataBIGRAM                    000758  000080  0007D8       EB0       0  CODE        2
                bssCOMMON                      000070  00000C  00007C        70       1  COMMON      1
                cinit                          0007D8  000028  000800       FB0       0  CODE        2
                bssBANK0                       000020  00000E  00002E        20       1  BANK0       1
                text20                         0005C2  00000D  0005CF       B84       0  CODE        2
                text6                          0005CF  00000D  0005DC       B9E       0  CODE        2
                text1                          0005DC  000010  0005EC       BB8       0  CODE        2
                inittext                       00059C  00000C  0005A8       B38       0  CODE        2
                text33                         0005A8  00000D  0005B5       B50       0  CODE        2
                text26                         0005B5  00000D  0005C2       B6A       0  CODE        2
                text16                         0005EC  000011  0005FD       BD8       0  CODE        2
                text4                          00064E  000029  000677       C9C       0  CODE        2
                text27                         000677  000039  0006B0       CEE       0  CODE        2
                text7                          0006B0  00003F  0006EF       D60       0  CODE        2
                text34                         0005FD  000014  000611       BFA       0  CODE        2
                text21                         000611  00001A  00062B       C22       0  CODE        2
                maintext                       00062B  000023  00064E       C56       0  CODE        2


UNUSED ADDRESS RANGES

        Name                Unused          Largest block    Delta
        BANK0            0002E-0006F              42           1
        BANK1            000A0-000EF              50           1
        BANK10           00520-0056F              50           1
        BANK2            00120-0016F              50           1
        BANK3            001A0-001EF              50           1
        BANK4            00220-0026F              50           1
        BANK5            002A0-002EF              50           1
        BANK6            00320-0036F              50           1
        BANK7            003A0-003EF              50           1
        BANK8            00420-0046F              50           1
        BANK9            004A0-004EF              50           1
        BIGRAM           02000-023EF             3F0           1
        CODE             00028-0050C             4E5           2
                         00800-01FFF             800
        COMMON           0007C-0007D               2           1
        CONST            00028-0050C             100           2
                         00800-01FFF             100
        EEDATA           0F000-0F0FF             100           2
        ENTRY            00028-0050C             100           2
                         00800-01FFF             100
        IDLOC            08000-08003               4           2
        RAM              0002E-0006F              42           1
                         000A0-000EF              50
                         00120-0016F              50
                         001A0-001EF              50
                         00220-0026F              50
                         002A0-002EF              50
                         00320-0036F              50
                         003A0-003EF              50
                         00420-0046F              50
                         004A0-004EF              50
                         00520-0056F              50
        SFR0             00000-0001F              20           1
        SFR1             00080-0009F              20           1
        SFR10            00500-0051F              20           1
        SFR11            00580-0059F              20           1
        SFR12            00600-0061F              20           1
        SFR13            00680-006EF              70           1
        SFR14            00700-0076F              70           1
        SFR15            00780-007EF              70           1
        SFR16            00800-0086F              70           1
        SFR17            00880-008EF              70           1
        SFR18            00900-0096F              70           1
        SFR19            00980-009EF              70           1
        SFR2             00100-0011F              20           1
        SFR20            00A00-00A6F              70           1
        SFR21            00A80-00AEF              70           1
        SFR22            00B00-00B6F              70           1
        SFR23            00B80-00BEF              70           1
        SFR24            00C00-00C6F              70           1
        SFR25            00C80-00CEF              70           1
        SFR26            00D00-00D6F              70           1
        SFR27            00D80-00DEF              70           1
        SFR28            00E00-00E6F              70           1
        SFR29            00E80-00EEF              70           1
        SFR3             00180-0019F              20           1
        SFR30            00F00-00F6F              70           1
        SFR31            00F80-00FEF              70           1
        SFR4             00200-0021F              20           1
        SFR5             00280-0029F              20           1
        SFR6             00300-0031F              20           1
        SFR7             00380-0039F              20           1
        SFR8             00400-0041F              20           1
        SFR9             00480-0049F              20           1
        STRCODE          00028-0050C             4E5           2
                         00800-01FFF            1800
        STRING           00028-0050C             100           2
                         00800-01FFF             100

                                  Symbol Table

_DATAEE_WriteByte                                              
_I2C1_SlaveDefBusColInterruptHandler         (abs)        00000
_I2C1_SlaveDefWrColInterruptHandler          (abs)        00000
__Habs1                                      abs1         00000
__Hbank0                                     bank0        00000
__Hbank1                                     bank1        00000
__Hbank10                                    bank10       00000
__Hbank11                                    bank11       00000
__Hbank12                                    bank12       00000
__Hbank13                                    bank13       00000
__Hbank14                                    bank14       00000
__Hbank15                                    bank15       00000
__Hbank16                                    bank16       00000
__Hbank17                                    bank17       00000
__Hbank18                                    bank18       00000
__Hbank19                                    bank19       00000
__Hbank2                                     bank2        00000
__Hbank20                                    bank20       00000
__Hbank21                                    bank21       00000
__Hbank22                                    bank22       00000
__Hbank23                                    bank23       00000
__Hbank24                                    bank24       00000
__Hbank25                                    bank25       00000
__Hbank26                                    bank26       00000
__Hbank27                                    bank27       00000
__Hbank28                                    bank28       00000
__Hbank29                                    bank29       00000
__Hbank3                                     bank3        00000
__Hbank30                                    bank30       00000
__Hbank31                                    bank31       00000
__Hbank4                                     bank4        00000
__Hbank5                                     bank5        00000
__Hbank6                                     bank6        00000
__Hbank7                                     bank7        00000
__Hbank8                                     bank8        00000
__Hbank9                                     bank9        00000
__Hbigram                                    bigram       00000
__HbssBANK0                                  bssBANK0     00000
__HbssCOMMON                                 bssCOMMON    00000
__Hclrtext                                   clrtext      00000
__Hcode                                      code         00000
__Hcommon                                    common       00000
__HcstackBANK0                               cstackBANK0  00000
__HcstackCOMMON                              cstackCOMMON 00000
__HdataCOMMON                                dataCOMMON   00000
__Heeprom_data                               eeprom_data  00000
__Hfunctab                                   functab      00000
__HidataBIGRAM                               idataBIGRAM  00000
__HidataCOMMON                               idataCOMMON  00000
__Hinittext                                  inittext     00000
__Hmaintext                                  maintext     00000
__Hpowerup                                   powerup      00000
__Hram                                       ram          00000
__Hsfr0                                      sfr0         00000
__Hsfr1                                      sfr1         00000
__Hsfr10                                     sfr10        00000
__Hsfr11                                     sfr11        00000
__Hsfr12                                     sfr12        00000
__Hsfr13                                     sfr13        00000
__Hsfr14                                     sfr14        00000
__Hsfr15                                     sfr15        00000
__Hsfr16                                     sfr16        00000
__Hsfr17                                     sfr17        00000
__Hsfr18                                     sfr18        00000
__Hsfr19                                     sfr19        00000
__Hsfr2                                      sfr2         00000
__Hsfr20                                     sfr20        00000
__Hsfr21                                     sfr21        00000
__Hsfr22                                     sfr22        00000
__Hsfr23                                     sfr23        00000
__Hsfr24                                     sfr24        00000
__Hsfr25                                     sfr25        00000
__Hsfr26                                     sfr26        00000
__Hsfr27                                     sfr27        00000
__Hsfr28                                     sfr28        00000
__Hsfr29                                     sfr29        00000
__Hsfr3                                      sfr3         00000
__Hsfr30                                     sfr30        00000
__Hsfr31                                     sfr31        00000
__Hsfr4                                      sfr4         00000
__Hsfr5                                      sfr5         00000
__Hsfr6                                      sfr6         00000
__Hsfr7                                      sfr7         00000
__Hsfr8                                      sfr8         00000
__Hsfr9                                      sfr9         00000
__Hspace_2                                   (abs)        00000
__Hspace_3                                   (abs)        00000
__Hstack                                     stack        00000
__Hstrings                                   strings      00000
__Htext                                      text         00000
__Labs1                                      abs1         00000
__Lbank0                                     bank0        00000
__Lbank1                                     bank1        00000
__Lbank10                                    bank10       00000
__Lbank11                                    bank11       00000
__Lbank12                                    bank12       00000
__Lbank13                                    bank13       00000
__Lbank14                                    bank14       00000
__Lbank15                                    bank15       00000
__Lbank16                                    bank16       00000
__Lbank17                                    bank17       00000
__Lbank18                                    bank18       00000
__Lbank19                                    bank19       00000
__Lbank2                                     bank2        00000
__Lbank20                                    bank20       00000
__Lbank21                                    bank21       00000
__Lbank22                                    bank22       00000
__Lbank23                                    bank23       00000
__Lbank24                                    bank24       00000
__Lbank25                                    bank25       00000
__Lbank26                                    bank26       00000
__Lbank27                                    bank27       00000
__Lbank28                                    bank28       00000
__Lbank29                                    bank29       00000
__Lbank3                                     bank3        00000
__Lbank30                                    bank30       00000
__Lbank31                                    bank31       00000
__Lbank4                                     bank4        00000
__Lbank5                                     bank5        00000
__Lbank6                                     bank6        00000
__Lbank7                                     bank7        00000
__Lbank8                                     bank8        00000
__Lbank9                                     bank9        00000
__Lbigram                                    bigram       00000
__LbssBANK0                                  bssBANK0     00000
__LbssCOMMON                                 bssCOMMON    00000
__Lclrtext                                   clrtext      00000
__Lcode                                      code         00000
__Lcommon                                    common       00000
__Lconfig                                    config       00000
__LcstackBANK0                               cstackBANK0  00000
__LcstackCOMMON                              cstackCOMMON 00000
__LdataCOMMON                                dataCOMMON   00000
__Leeprom_data                               eeprom_data  00000
__Lfunctab                                   functab      00000
__LidataBIGRAM                               idataBIGRAM  00000
__LidataCOMMON                               idataCOMMON  00000
__Linittext                                  inittext     00000
__Lmaintext                                  maintext     00000
__Lpowerup                                   powerup      00000
__Lram                                       ram          00000
__Lreset_vec                                 reset_vec    00000
__Lsfr0                                      sfr0         00000
__Lsfr1                                      sfr1         00000
__Lsfr10                                     sfr10        00000
__Lsfr11                                     sfr11        00000
__Lsfr12                                     sfr12        00000
__Lsfr13                                     sfr13        00000
__Lsfr14                                     sfr14        00000
__Lsfr15                                     sfr15        00000
__Lsfr16                                     sfr16        00000
__Lsfr17                                     sfr17        00000
__Lsfr18                                     sfr18        00000
__Lsfr19                                     sfr19        00000
__Lsfr2                                      sfr2         00000
__Lsfr20                                     sfr20        00000
__Lsfr21                                     sfr21        00000
__Lsfr22                                     sfr22        00000
__Lsfr23                                     sfr23        00000
__Lsfr24                                     sfr24        00000
__Lsfr25                                     sfr25        00000
__Lsfr26                                     sfr26        00000
__Lsfr27                                     sfr27        00000
__Lsfr28                                     sfr28        00000
__Lsfr29                                     sfr29        00000
__Lsfr3                                      sfr3         00000
__Lsfr30                                     sfr30        00000
__Lsfr31                                     sfr31        00000
__Lsfr4                                      sfr4         00000
__Lsfr5                                      sfr5         00000
__Lsfr6                                      sfr6         00000
__Lsfr7                                      sfr7         00000
__Lsfr8                                      sfr8         00000
__Lsfr9                                      sfr9         00000
__Lspace_0                                   (abs)        00000
__Lspace_1                                   (abs)        00000
__Lspace_2                                   (abs)        00000
__Lspace_3                                   (abs)        00000
__Lspace_4                                   (abs)        00000
__Lstack                                     stack        00000
__Lstrings                                   strings      00000
__Ltext                                      text         00000
__S3                                         (abs)        00000
___int_sp                                    stack        00000
___sp                                        stack        00000
___stackhi                                   (abs)        00000
___stacklo                                   (abs)        00000
__size_of_EEPROM_I2C1_SlaveSetAddrIntHandler (abs)        00000
__size_of_EEPROM_SlaveRdDataFromMaster       (abs)        00000
__size_of_EEPROM_SlaveRdDataFromSlave        (abs)        00000
__size_of_I2C1_Initialize                    (abs)        00000
__size_of_I2C1_IsRead                        (abs)        00000
__size_of_I2C1_Isr                           (abs)        00000
__size_of_I2C1_Open                          (abs)        00000
__size_of_I2C1_Read                          (abs)        00000
__size_of_I2C1_SlaveAddrCallBack             (abs)        00000
__size_of_I2C1_SlaveClearIrq                 (abs)        00000
__size_of_I2C1_SlaveDefAddrInterruptHandler  (abs)        00000
__size_of_I2C1_SlaveDefRdInterruptHandler    (abs)        00000
__size_of_I2C1_SlaveDefWrInterruptHandler    (abs)        00000
__size_of_I2C1_SlaveEnableIrq                (abs)        00000
__size_of_I2C1_SlaveGetRxData                (abs)        00000
__size_of_I2C1_SlaveIsAddr                   (abs)        00000
__size_of_I2C1_SlaveIsRead                   (abs)        00000
__size_of_I2C1_SlaveIsRxBufFull              (abs)        00000
__size_of_I2C1_SlaveIsTxBufEmpty             (abs)        00000
__size_of_I2C1_SlaveOpen                     (abs)        00000
__size_of_I2C1_SlaveRdCallBack               (abs)        00000
__size_of_I2C1_SlaveReleaseClock             (abs)        00000
__size_of_I2C1_SlaveSendTxData               (abs)        00000
__size_of_I2C1_SlaveSetAddrIntHandler        (abs)        00000
__size_of_I2C1_SlaveSetBusColIntHandler      (abs)        00000
__size_of_I2C1_SlaveSetIsrHandler            (abs)        00000
__size_of_I2C1_SlaveSetReadIntHandler        (abs)        00000
__size_of_I2C1_SlaveSetSlaveAddr             (abs)        00000
__size_of_I2C1_SlaveSetSlaveMask             (abs)        00000
__size_of_I2C1_SlaveSetWrColIntHandler       (abs)        00000
__size_of_I2C1_SlaveSetWriteIntHandler       (abs)        00000
__size_of_I2C1_SlaveWrCallBack               (abs)        00000
__size_of_I2C1_Write                         (abs)        00000
__size_of_INTERRUPT_InterruptManager         (abs)        00000
__size_of_OSCILLATOR_Initialize              (abs)        00000
__size_of_PIN_MANAGER_Initialize             (abs)        00000
__size_of_PMD_Initialize                     (abs)        00000
__size_of_SYSTEM_Initialize                  (abs)        00000
__size_of_WDT_Initialize                     (abs)        00000
__size_of_main                               (abs)        00000
intlevel0                                    functab      00000
intlevel1                                    functab      00000
intlevel2                                    functab      00000
intlevel3                                    functab      00000
intlevel4                                    functab      00000
intlevel5                                    functab      00000
reset_vec                                    reset_vec    00000
___latbits                                   (abs)        00002
_INTERRUPT_InterruptManager                  intentry     00002
__Hreset_vec                                 reset_vec    00002
__Lintentry                                  intentry     00002
__pintentry                                  intentry     00002
_INTCONbits                                  (abs)        0000B
_PIR1bits                                    (abs)        00011
_I2C1_SlaveWrColInterruptHandler             bssBANK0     00020
__pbssBANK0                                  bssBANK0     00020
_I2C1_SlaveBusColInterruptHandler            bssBANK0     00022
_I2C1_SlaveAddrInterruptHandler              bssBANK0     00024
_I2C1_SlaveWrInterruptHandler                bssBANK0     00026
_I2C1_SlaveRdInterruptHandler                bssBANK0     00028
_MSSP1_InterruptHandler                      bssBANK0     0002A
I2C1_SlaveSetAddrIntHandler@handler          cstackBANK0  0002C
I2C1_SlaveSetBusColIntHandler@handler        cstackBANK0  0002C
I2C1_SlaveSetIsrHandler@handler              cstackBANK0  0002C
I2C1_SlaveSetReadIntHandler@handler          cstackBANK0  0002C
I2C1_SlaveSetSlaveAddr@slaveAddr             cstackBANK0  0002C
I2C1_SlaveSetSlaveMask@maskAddr              cstackBANK0  0002C
I2C1_SlaveSetWrColIntHandler@handler         cstackBANK0  0002C
I2C1_SlaveSetWriteIntHandler@handler         cstackBANK0  0002C
__pcstackBANK0                               cstackBANK0  0002C
__Hinit                                      init         00025
__Hintentry                                  intentry     00025
__Lend_init                                  end_init     00025
__Linit                                      init         00025
__end_of_INTERRUPT_InterruptManager          intentry     00025
start                                        init         00025
__Hend_init                                  end_init     00028
__pbssCOMMON                                 bssCOMMON    00070
_isEEMemoryAddr                              bssCOMMON    00070
_i2c1EEMemAddr                               bssCOMMON    00071
_i2c1SlaveState                              bssCOMMON    00072
_i2c1SlaveAddr                               bssCOMMON    00073
_i2c1RdData                                  bssCOMMON    00074
_i2c1WrData                                  bssCOMMON    00075
I2C1_SlaveSendTxData@data                    cstackCOMMON 00076
_DATAEE_WriteByte$0                          cstackCOMMON 00076
__pcstackCOMMON                              cstackCOMMON 00076
I2C1_Write@data                              cstackCOMMON 00077
_DATAEE_WriteByte$1                          cstackCOMMON 00078
EEPROM_SlaveRdDataFromMaster@i2c1EEMemValue  cstackCOMMON 00079
EEPROM_SlaveRdDataFromSlave@i2c1EEMemValue   cstackCOMMON 00079
_SLAVE_EEPROM_SIZE                           dataCOMMON   0007B
__pdataCOMMON                                dataCOMMON   0007B
__Hspace_1                                   (abs)        0007C
__S1                                         (abs)        0007C
btemp                                        (abs)        0007E
int$flags                                    (abs)        0007E
wtemp0                                       (abs)        0007E
_TRISA                                       (abs)        0008C
_TRISC                                       (abs)        0008E
_PIE1bits                                    (abs)        00091
_WDTCON                                      (abs)        00097
_LATA                                        (abs)        0010C
_LATC                                        (abs)        0010E
_ANSELA                                      (abs)        0018C
_ANSELC                                      (abs)        0018E
_WPUA                                        (abs)        0020C
_WPUC                                        (abs)        0020E
_SSP1BUF                                     (abs)        00211
_SSP1ADD                                     (abs)        00212
_SSP1MSK                                     (abs)        00213
_SSP1STAT                                    (abs)        00214
_SSP1STATbits                                (abs)        00214
_SSP1CON1                                    (abs)        00215
_SSP1CON1bits                                (abs)        00215
_SSP1CON2                                    (abs)        00216
_SSP1CON2bits                                (abs)        00216
_ODCONA                                      (abs)        0028C
_ODCONC                                      (abs)        0028E
_SLRCONA                                     (abs)        0030C
_SLRCONC                                     (abs)        0030E
_INLVLA                                      (abs)        0038C
_INLVLC                                      (abs)        0038E
__Hspace_0                                   (abs)        00800
__S0                                         (abs)        00800
_PMD0                                        (abs)        00911
_PMD1                                        (abs)        00912
_PMD2                                        (abs)        00913
_PMD3                                        (abs)        00914
_PMD4                                        (abs)        00915
_PMD5                                        (abs)        00916
_OSCCON1                                     (abs)        00919
_OSCCON3                                     (abs)        0091B
_OSCEN                                       (abs)        0091D
_OSCTUNE                                     (abs)        0091E
_OSCFRQ                                      (abs)        0091F
__pidataCOMMON                               idataCOMMON  0050D
_I2C1_SlaveGetRxData                         text37       0050E
__ptext37                                    text37       0050E
_I2C1_SlaveClearIrq                          text32       00511
__end_of_I2C1_SlaveGetRxData                 text37       00511
__ptext32                                    text32       00511
_I2C1_SlaveReleaseClock                      text25       00514
__end_of_I2C1_SlaveClearIrq                  text32       00514
__ptext25                                    text25       00514
_I2C1_SlaveEnableIrq                         text17       00517
__end_of_I2C1_SlaveReleaseClock              text25       00517
__ptext17                                    text17       00517
_I2C1_IsRead                                 text38       0051A
__end_of_I2C1_SlaveEnableIrq                 text17       0051A
__ptext38                                    text38       0051A
_I2C1_Read                                   text36       0051E
__end_of_I2C1_IsRead                         text38       0051E
__ptext36                                    text36       0051E
_I2C1_SlaveIsRxBufFull                       text30       00522
__end_of_I2C1_Read                           text36       00522
__ptext30                                    text30       00522
_WDT_Initialize                              text2        00526
__end_of_I2C1_SlaveIsRxBufFull               text30       00526
__ptext2                                     text2        00526
_I2C1_SlaveIsRead                            text39       0052A
__end_of_WDT_Initialize                      text2        0052A
__ptext39                                    text39       0052A
_I2C1_SlaveSendTxData                        text24       0052F
__end_of_I2C1_SlaveIsRead                    text39       0052F
__ptext24                                    text24       0052F
_I2C1_SlaveDefWrInterruptHandler             text22       00534
__end_of_I2C1_SlaveSendTxData                text24       00534
__ptext22                                    text22       00534
_I2C1_Write                                  text23       00539
__end_of_I2C1_SlaveDefWrInterruptHandler     text22       00539
__ptext23                                    text23       00539
_I2C1_SlaveSetAddrIntHandler                 text15       0053F
__end_of_I2C1_Write                          text23       0053F
__ptext15                                    text15       0053F
_I2C1_SlaveSetBusColIntHandler               text14       00545
__end_of_I2C1_SlaveSetAddrIntHandler         text15       00545
__ptext14                                    text14       00545
_I2C1_SlaveSetIsrHandler                     text13       0054B
__end_of_I2C1_SlaveSetBusColIntHandler       text14       0054B
__ptext13                                    text13       0054B
_I2C1_SlaveSetReadIntHandler                 text12       00551
__end_of_I2C1_SlaveSetIsrHandler             text13       00551
__ptext12                                    text12       00551
_I2C1_SlaveSetSlaveAddr                      text11       00557
__end_of_I2C1_SlaveSetReadIntHandler         text12       00557
__ptext11                                    text11       00557
_I2C1_SlaveSetSlaveMask                      text10       0055D
__end_of_I2C1_SlaveSetSlaveAddr              text11       0055D
__ptext10                                    text10       0055D
_I2C1_SlaveSetWrColIntHandler                text9        00563
__end_of_I2C1_SlaveSetSlaveMask              text10       00563
__ptext9                                     text9        00563
_I2C1_SlaveSetWriteIntHandler                text8        00569
__end_of_I2C1_SlaveSetWrColIntHandler        text9        00569
__ptext8                                     text8        00569
_I2C1_SlaveDefAddrInterruptHandler           text35       0056F
__end_of_I2C1_SlaveSetWriteIntHandler        text8        0056F
__ptext35                                    text35       0056F
_I2C1_SlaveIsAddr                            text31       00576
__end_of_I2C1_SlaveDefAddrInterruptHandler   text35       00576
__ptext31                                    text31       00576
_I2C1_SlaveIsTxBufEmpty                      text29       0057D
__end_of_I2C1_SlaveIsAddr                    text31       0057D
__ptext29                                    text29       0057D
_I2C1_SlaveDefRdInterruptHandler             text28       00584
__end_of_I2C1_SlaveIsTxBufEmpty              text29       00584
__ptext28                                    text28       00584
_PMD_Initialize                              text3        0058B
__end_of_I2C1_SlaveDefRdInterruptHandler     text28       0058B
__ptext3                                     text3        0058B
_OSCILLATOR_Initialize                       text5        00593
__end_of_PMD_Initialize                      text3        00593
__ptext5                                     text5        00593
__end_of_OSCILLATOR_Initialize               text5        0059C
init_ram                                     inittext     0059C
_I2C1_SlaveAddrCallBack                      text33       005A8
__ptext33                                    text33       005A8
_I2C1_SlaveRdCallBack                        text26       005B5
__end_of_I2C1_SlaveAddrCallBack              text33       005B5
__ptext26                                    text26       005B5
_I2C1_SlaveWrCallBack                        text20       005C2
__end_of_I2C1_SlaveRdCallBack                text26       005C2
__ptext20                                    text20       005C2
_I2C1_Initialize                             text6        005CF
__end_of_I2C1_SlaveWrCallBack                text20       005CF
__ptext6                                     text6        005CF
_SYSTEM_Initialize                           text1        005DC
__end_of_I2C1_Initialize                     text6        005DC
__ptext1                                     text1        005DC
_I2C1_SlaveOpen                              text16       005EC
__end_of_SYSTEM_Initialize                   text1        005EC
__ptext16                                    text16       005EC
_EEPROM_I2C1_SlaveSetAddrIntHandler          text34       005FD
__end_of_I2C1_SlaveOpen                      text16       005FD
__ptext34                                    text34       005FD
_EEPROM_SlaveRdDataFromSlave                 text21       00611
__end_of_EEPROM_I2C1_SlaveSetAddrIntHandler  text34       00611
__ptext21                                    text21       00611
__end_of_EEPROM_SlaveRdDataFromSlave         text21       0062B
__pmaintext                                  maintext     0062B
_main                                        maintext     0062B
_PIN_MANAGER_Initialize                      text4        0064E
__end_of_main                                maintext     0064E
__ptext4                                     text4        0064E
_EEPROM_SlaveRdDataFromMaster                text27       00677
__end_of_PIN_MANAGER_Initialize              text4        00677
__ptext27                                    text27       00677
_I2C1_Open                                   text7        006B0
__end_of_EEPROM_SlaveRdDataFromMaster        text27       006B0
__ptext7                                     text7        006B0
_I2C1_Isr                                    text19       006EF
__end_of_I2C1_Open                           text7        006EF
__ptext19                                    text19       006EF
_SSP1CLKPPS                                  (abs)        00E20
_SSP1DATPPS                                  (abs)        00E21
_RC2PPS                                      (abs)        00EA2
_RC3PPS                                      (abs)        00EA3
__end_of_I2C1_Isr                            text19       00758
__pidataBIGRAM                               idataBIGRAM  00758
__Lcinit                                     cinit        007D8
__initialization                             cinit        007D8
__end_of__initialization                     cinit        007FC
__Hcinit                                     cinit        00800
_EEPROM_Buffer                               (abs)        02370
__pdataBIGRAM                                (abs)        02370
__Hspace_4                                   (abs)        10012
__Hconfig                                    config       0800B
end_of_initialization                        cinit        007FC
start_initialization                         cinit        007D8
