Microchip MPLAB XC8 Compiler V2.32

Linker command line:

-W-3 --edf=/opt/microchip/xc8/v2.32/pic/dat/en_msgs.txt -cn \
  -h+dist/default/production/i2c_slave_with_mcc_core_5.0.2.X.production.sym \
  --cmf=dist/default/production/i2c_slave_with_mcc_core_5.0.2.X.production.cmf \
  -z -Q16F18325 -o/tmp/xcXIKAIJN --defsym=__MPLAB_BUILD=1 \
  -Mdist/default/production/i2c_slave_with_mcc_core_5.0.2.X.production.map \
  -E1 -ver=XC8 Compiler --acfsm=1493 -ASTACK=0200Fh-0236Fh -pstack=STACK \
  -ACODE=00h-07FFhx4 -ASTRCODE=00h-01FFFh -ASTRING=00h-0FFhx32 \
  -ACONST=00h-0FFhx32 -AENTRY=00h-0FFhx32 -ACOMMON=070h-07Fh \
  -ABANK0=020h-06Fh -ABANK1=0A0h-0EFh -ABANK2=0120h-016Fh \
  -ABANK3=01A0h-01EFh -ABANK4=0220h-026Fh -ABANK5=02A0h-02EFh \
  -ABANK6=0320h-036Fh -ABANK7=03A0h-03EFh -ABANK8=0420h-046Fh \
  -ABANK9=04A0h-04EFh -ABANK10=0520h-056Fh -ABANK11=05A0h-05EFh \
  -ABANK12=0620h-064Fh -ABIGRAM=02000h-023EFh \
  -ARAM=020h-06Fh,0A0h-0EFh,0120h-016Fh,01A0h-01EFh,0220h-026Fh,02A0h-02EFh,0320h-036Fh,03A0h-03EFh,0420h-046Fh,04A0h-04EFh,0520h-056Fh,05A0h-05EFh,0620h-064Fh \
  -AABS1=020h-07Fh,0A0h-0EFh,0120h-016Fh,01A0h-01EFh,0220h-026Fh,02A0h-02EFh,0320h-036Fh,03A0h-03EFh,0420h-046Fh,04A0h-04EFh,0520h-056Fh,05A0h-05EFh,0620h-064Fh \
  -ASFR0=00h-01Fh -ASFR1=080h-09Fh -ASFR2=0100h-011Fh -ASFR3=0180h-019Fh \
  -ASFR4=0200h-021Fh -ASFR5=0280h-029Fh -ASFR6=0300h-031Fh \
  -ASFR7=0380h-039Fh -ASFR8=0400h-041Fh -ASFR9=0480h-049Fh \
  -ASFR10=0500h-051Fh -ASFR11=0580h-059Fh -ASFR12=0600h-061Fh \
  -ASFR13=0680h-06EFh -ASFR14=0700h-076Fh -ASFR15=0780h-07EFh \
  -ASFR16=0800h-086Fh -ASFR17=0880h-08EFh -ASFR18=0900h-096Fh \
  -ASFR19=0980h-09EFh -ASFR20=0A00h-0A6Fh -ASFR21=0A80h-0AEFh \
  -ASFR22=0B00h-0B6Fh -ASFR23=0B80h-0BEFh -ASFR24=0C00h-0C6Fh \
  -ASFR25=0C80h-0CEFh -ASFR26=0D00h-0D6Fh -ASFR27=0D80h-0DEFh \
  -ASFR28=0E00h-0E6Fh -ASFR29=0E80h-0EEFh -ASFR30=0F00h-0F6Fh \
  -ASFR31=0F80h-0FEFh -ACONFIG=08007h-0800Ah -DCONFIG=2 \
  -AIDLOC=08000h-08003h -DIDLOC=2 -AEEDATA=00h-0FFh/0F000h \
  -peeprom_data=EEDATA -DEEDATA=2 -DCODE=2 -DSTRCODE=2 -DSTRING=2 -DCONST=2 \
  -DENTRY=2 -preset_vec=00h,intentry=04h,init,end_init -ppowerup=CODE \
  -pcinit=CODE -pfunctab=ENTRY -k /tmp/xcXDhojCH.o \
  dist/default/production/i2c_slave_with_mcc_core_5.0.2.X.production.o 

Object code version is 3.11

Machine type is 16F18325



                Name                               Link     Load   Length Selector   Space Scale
/tmp/xcXDhojCH.o
                end_init                             27       27        2        8       0
                reset_vec                             0        0        2        0       0
                config                             8007     8007        4        0       4
dist/default/production/i2c_slave_with_mcc_core_5.0.2.X.production.o
                cinit                                29       29       28        8       0
                intentry                              4        4       23        8       0
                config                             8007     8007        4        0       4
                text40                              31F      31F        5        8       0
                text39                              330      330        4        8       0
                text38                              33D      33D        3        8       0
                text37                              32C      32C        4        8       0
                text36                              2C2      2C2        8        8       0
                text35                              23B      23B       15        8       0
                text34                              298      298        D        8       0
                text33                              33A      33A        3        8       0
                text32                              2D8      2D8        7        8       0
                text31                              328      328        4        8       0
                text30                              2D1      2D1        7        8       0
                text29                              1D5      1D5       29        8       0
                text28                              2CA      2CA        7        8       0
                text27                              179      179       33        8       0
                text26                              28B      28B        D        8       0
                text25                              337      337        3        8       0
                text24                              31A      31A        5        8       0
                text23                              30F      30F        6        8       0
                text22                              315      315        5        8       0
                text21                              221      221       1A        8       0
                text20                              27E      27E        D        8       0
                text19                               D1       D1       69        8       0
                text17                              334      334        3        8       0
                text16                              250      250       11        8       0
                text15                              309      309        6        8       0
                text14                              303      303        6        8       0
                text13                              2FD      2FD        6        8       0
                text12                              2F7      2F7        6        8       0
                text11                              2F1      2F1        6        8       0
                text10                              2EB      2EB        6        8       0
                text9                               2E5      2E5        6        8       0
                text8                               2DF      2DF        6        8       0
                text7                               13A      13A       3F        8       0
                text6                               271      271        D        8       0
                text5                               2B1      2B1        9        8       0
                text4                               1AC      1AC       29        8       0
                text3                               2BA      2BA        8        8       0
                text2                               324      324        4        8       0
                text1                               261      261       10        8       0
                maintext                            1FE      1FE       23        8       0
                cstackBANK0                          2D       2D        2       20       1
                cstackCOMMON                         70       70        6       70       1
                inittext                            2A5      2A5        C        8       0
                bssBANK0                             20       20        D       20       1
                dataCOMMON                           7B       7B        1       70       1
                bssCOMMON                            76       76        5       70       1
                idataCOMMON                         340      340        1        8       0
                idataBIGRAM                          51       51       80        8       0

TOTAL           Name                               Link     Load   Length     Space
        CLASS   STACK          

        CLASS   CODE           
                end_init                             27       27        2         0
                cinit                                29       29       28         0
                intentry                              4        4       23         0
                reset_vec                             0        0        2         0
                text40                              31F      31F        5         0
                text39                              330      330        4         0
                text38                              33D      33D        3         0
                text37                              32C      32C        4         0
                text36                              2C2      2C2        8         0
                text35                              23B      23B       15         0
                text34                              298      298        D         0
                text33                              33A      33A        3         0
                text32                              2D8      2D8        7         0
                text31                              328      328        4         0
                text30                              2D1      2D1        7         0
                text29                              1D5      1D5       29         0
                text28                              2CA      2CA        7         0
                text27                              179      179       33         0
                text26                              28B      28B        D         0
                text25                              337      337        3         0
                text24                              31A      31A        5         0
                text23                              30F      30F        6         0
                text22                              315      315        5         0
                text21                              221      221       1A         0
                text20                              27E      27E        D         0
                text19                               D1       D1       69         0
                text17                              334      334        3         0
                text16                              250      250       11         0
                text15                              309      309        6         0
                text14                              303      303        6         0
                text13                              2FD      2FD        6         0
                text12                              2F7      2F7        6         0
                text11                              2F1      2F1        6         0
                text10                              2EB      2EB        6         0
                text9                               2E5      2E5        6         0
                text8                               2DF      2DF        6         0
                text7                               13A      13A       3F         0
                text6                               271      271        D         0
                text5                               2B1      2B1        9         0
                text4                               1AC      1AC       29         0
                text3                               2BA      2BA        8         0
                text2                               324      324        4         0
                text1                               261      261       10         0
                maintext                            1FE      1FE       23         0
                inittext                            2A5      2A5        C         0
                idataCOMMON                         340      340        1         0
                idataBIGRAM                          51       51       80         0

        CLASS   STRCODE        

        CLASS   STRING         

        CLASS   CONST          

        CLASS   ENTRY          

        CLASS   COMMON         
                cstackCOMMON                         70       70        6         1
                dataCOMMON                           7B       7B        1         1
                bssCOMMON                            76       76        5         1

        CLASS   BANK0          
                cstackBANK0                          2D       2D        2         1
                bssBANK0                             20       20        D         1

        CLASS   BANK1          

        CLASS   BANK2          

        CLASS   BANK3          

        CLASS   BANK4          

        CLASS   BANK5          

        CLASS   BANK6          

        CLASS   BANK7          

        CLASS   BANK8          

        CLASS   BANK9          

        CLASS   BANK10         

        CLASS   BANK11         

        CLASS   BANK12         

        CLASS   BIGRAM         

        CLASS   RAM            

        CLASS   ABS1           
                abs_s1                               7E       7E        2         1
                abs_s1                              5A0      5A0       50         1
                abs_s1                              620      620       30         1
                abs_s1                             2370     2370        0         1

        CLASS   SFR0           

        CLASS   SFR1           

        CLASS   SFR2           

        CLASS   SFR3           

        CLASS   SFR4           

        CLASS   SFR5           

        CLASS   SFR6           

        CLASS   SFR7           

        CLASS   SFR8           

        CLASS   SFR9           

        CLASS   SFR10          

        CLASS   SFR11          

        CLASS   SFR12          

        CLASS   SFR13          

        CLASS   SFR14          

        CLASS   SFR15          

        CLASS   SFR16          

        CLASS   SFR17          

        CLASS   SFR18          

        CLASS   SFR19          

        CLASS   SFR20          

        CLASS   SFR21          

        CLASS   SFR22          

        CLASS   SFR23          

        CLASS   SFR24          

        CLASS   SFR25          

        CLASS   SFR26          

        CLASS   SFR27          

        CLASS   SFR28          

        CLASS   SFR29          

        CLASS   SFR30          

        CLASS   SFR31          

        CLASS   CONFIG         
                config                             8007     8007        4         4

        CLASS   IDLOC          

        CLASS   EEDATA         

        CLASS   BANK31         

        CLASS   BANK30         

        CLASS   BANK29         

        CLASS   BANK28         

        CLASS   BANK27         

        CLASS   BANK26         

        CLASS   BANK25         

        CLASS   BANK24         

        CLASS   BANK23         

        CLASS   BANK22         

        CLASS   BANK21         

        CLASS   BANK20         

        CLASS   BANK19         

        CLASS   BANK18         

        CLASS   BANK17         

        CLASS   BANK16         

        CLASS   BANK15         

        CLASS   BANK14         

        CLASS   BANK13         



SEGMENTS        Name                           Load    Length   Top    Selector   Space  Class     Delta

                reset_vec                      000000  000002  000002         0       0  CODE        2
                bssBANK0                       000020  00000F  00002F        20       1  BANK0       1
                intentry                       000004  00033D  000341         8       0  CODE        2
                cstackCOMMON                   000070  00000C  00007C        70       1  COMMON      1


UNUSED ADDRESS RANGES

        Name                Unused          Largest block    Delta
        BANK0            0002F-0006F              41           1
        BANK1            000A0-000EF              50           1
        BANK10           00520-0056F              50           1
        BANK2            00120-0016F              50           1
        BANK3            001A0-001EF              50           1
        BANK4            00220-0026F              50           1
        BANK5            002A0-002EF              50           1
        BANK6            00320-0036F              50           1
        BANK7            003A0-003EF              50           1
        BANK8            00420-0046F              50           1
        BANK9            004A0-004EF              50           1
        BIGRAM           02000-023EF             3F0           1
        CODE             00002-00003               2           2
                         00341-01FFF             800
        COMMON           0007C-0007D               2           1
        CONST            00002-00003               2           2
                         00341-01FFF             100
        EEDATA           0F000-0F0FF             100           2
        ENTRY            00002-00003               2           2
                         00341-01FFF             100
        IDLOC            08000-08003               4           2
        RAM              0002F-0006F              41           1
                         000A0-000EF              50
                         00120-0016F              50
                         001A0-001EF              50
                         00220-0026F              50
                         002A0-002EF              50
                         00320-0036F              50
                         003A0-003EF              50
                         00420-0046F              50
                         004A0-004EF              50
                         00520-0056F              50
        SFR0             00000-0001F              20           1
        SFR1             00080-0009F              20           1
        SFR10            00500-0051F              20           1
        SFR11            00580-0059F              20           1
        SFR12            00600-0061F              20           1
        SFR13            00680-006EF              70           1
        SFR14            00700-0076F              70           1
        SFR15            00780-007EF              70           1
        SFR16            00800-0086F              70           1
        SFR17            00880-008EF              70           1
        SFR18            00900-0096F              70           1
        SFR19            00980-009EF              70           1
        SFR2             00100-0011F              20           1
        SFR20            00A00-00A6F              70           1
        SFR21            00A80-00AEF              70           1
        SFR22            00B00-00B6F              70           1
        SFR23            00B80-00BEF              70           1
        SFR24            00C00-00C6F              70           1
        SFR25            00C80-00CEF              70           1
        SFR26            00D00-00D6F              70           1
        SFR27            00D80-00DEF              70           1
        SFR28            00E00-00E6F              70           1
        SFR29            00E80-00EEF              70           1
        SFR3             00180-0019F              20           1
        SFR30            00F00-00F6F              70           1
        SFR31            00F80-00FEF              70           1
        SFR4             00200-0021F              20           1
        SFR5             00280-0029F              20           1
        SFR6             00300-0031F              20           1
        SFR7             00380-0039F              20           1
        SFR8             00400-0041F              20           1
        SFR9             00480-0049F              20           1
        STACK            0200F-0236F             361           1
        STRCODE          00002-00003               2           2
                         00341-01FFF            1CBF
        STRING           00002-00003               2           2
                         00341-01FFF             100

                                  Symbol Table

EEPROM_SlaveRdDataFromMaster@i2c1EEMemValue  cstackCOMMON 00074
EEPROM_SlaveRdDataFromSlave@i2c1EEMemValue   cstackCOMMON 00073
I2C1_SlaveSendTxData@data                    cstackCOMMON 00070
I2C1_SlaveSetAddrIntHandler@handler          cstackBANK0  0002D
I2C1_SlaveSetBusColIntHandler@handler        cstackBANK0  0002D
I2C1_SlaveSetIsrHandler@handler              cstackBANK0  0002D
I2C1_SlaveSetReadIntHandler@handler          cstackBANK0  0002D
I2C1_SlaveSetSlaveAddr@slaveAddr             cstackBANK0  0002D
I2C1_SlaveSetSlaveMask@maskAddr              cstackBANK0  0002D
I2C1_SlaveSetWrColIntHandler@handler         cstackBANK0  0002D
I2C1_SlaveSetWriteIntHandler@handler         cstackBANK0  0002D
I2C1_Write@data                              cstackCOMMON 00071
_ANSELA                                      (abs)        0018C
_ANSELC                                      (abs)        0018E
_EEPROM_Buffer                               (abs)        02370
_EEPROM_I2C1_SlaveSetAddrIntHandler          text35       0023B
_EEPROM_SlaveRdDataFromMaster                text27       00179
_EEPROM_SlaveRdDataFromSlave                 text21       00221
_I2C1_Initialize                             text6        00271
_I2C1_IsRead                                 text39       00330
_I2C1_Isr                                    text19       000D1
_I2C1_Open                                   text7        0013A
_I2C1_Read                                   text37       0032C
_I2C1_SlaveAddrCallBack                      text34       00298
_I2C1_SlaveAddrInterruptHandler              bssBANK0     00024
_I2C1_SlaveBusColInterruptHandler            bssBANK0     00022
_I2C1_SlaveClearIrq                          text33       0033A
_I2C1_SlaveDefAddrInterruptHandler           text36       002C2
_I2C1_SlaveDefBusColInterruptHandler         (abs)        00000
_I2C1_SlaveDefRdInterruptHandler             text28       002CA
_I2C1_SlaveDefWrColInterruptHandler          (abs)        00000
_I2C1_SlaveDefWrInterruptHandler             text22       00315
_I2C1_SlaveEnableIrq                         text17       00334
_I2C1_SlaveGetRxData                         text38       0033D
_I2C1_SlaveIsAddr                            text32       002D8
_I2C1_SlaveIsRead                            text40       0031F
_I2C1_SlaveIsRxBufFull                       text31       00328
_I2C1_SlaveIsTxBufEmpty                      text30       002D1
_I2C1_SlaveOpen                              text16       00250
_I2C1_SlaveRdCallBack                        text26       0028B
_I2C1_SlaveRdInterruptHandler                bssBANK0     00028
_I2C1_SlaveReleaseClock                      text25       00337
_I2C1_SlaveSendTxData                        text24       0031A
_I2C1_SlaveSetAddrIntHandler                 text15       00309
_I2C1_SlaveSetBusColIntHandler               text14       00303
_I2C1_SlaveSetIsrHandler                     text13       002FD
_I2C1_SlaveSetReadIntHandler                 text12       002F7
_I2C1_SlaveSetSlaveAddr                      text11       002F1
_I2C1_SlaveSetSlaveMask                      text10       002EB
_I2C1_SlaveSetWrColIntHandler                text9        002E5
_I2C1_SlaveSetWriteIntHandler                text8        002DF
_I2C1_SlaveWrCallBack                        text20       0027E
_I2C1_SlaveWrColInterruptHandler             bssBANK0     00020
_I2C1_SlaveWrInterruptHandler                bssBANK0     00026
_I2C1_Write                                  text23       0030F
_INLVLA                                      (abs)        0038C
_INLVLC                                      (abs)        0038E
_INTCONbits                                  (abs)        0000B
_INTERRUPT_InterruptManager                  intentry     00004
_LATA                                        (abs)        0010C
_LATC                                        (abs)        0010E
_MSSP1_InterruptHandler                      bssBANK0     0002A
_NVMADRH                                     (abs)        00892
_NVMADRL                                     (abs)        00891
_NVMCON1bits                                 (abs)        00895
_NVMCON2                                     (abs)        00896
_NVMDATH                                     (abs)        00894
_NVMDATL                                     (abs)        00893
_ODCONA                                      (abs)        0028C
_ODCONC                                      (abs)        0028E
_OSCCON1                                     (abs)        00919
_OSCCON3                                     (abs)        0091B
_OSCEN                                       (abs)        0091D
_OSCFRQ                                      (abs)        0091F
_OSCILLATOR_Initialize                       text5        002B1
_OSCTUNE                                     (abs)        0091E
_PIE1bits                                    (abs)        00091
_PIN_MANAGER_Initialize                      text4        001AC
_PIR1bits                                    (abs)        00011
_PMD0                                        (abs)        00911
_PMD1                                        (abs)        00912
_PMD2                                        (abs)        00913
_PMD3                                        (abs)        00914
_PMD4                                        (abs)        00915
_PMD5                                        (abs)        00916
_PMD_Initialize                              text3        002BA
_RC2PPS                                      (abs)        00EA2
_RC3PPS                                      (abs)        00EA3
_SLAVE_EEPROM_SIZE                           dataCOMMON   0007B
_SLRCONA                                     (abs)        0030C
_SLRCONC                                     (abs)        0030E
_SSP1ADD                                     (abs)        00212
_SSP1BUF                                     (abs)        00211
_SSP1CLKPPS                                  (abs)        00E20
_SSP1CON1                                    (abs)        00215
_SSP1CON1bits                                (abs)        00215
_SSP1CON2                                    (abs)        00216
_SSP1CON2bits                                (abs)        00216
_SSP1DATPPS                                  (abs)        00E21
_SSP1MSK                                     (abs)        00213
_SSP1STAT                                    (abs)        00214
_SSP1STATbits                                (abs)        00214
_STATUSbits                                  (abs)        00003
_SYSTEM_Initialize                           text1        00261
_TRISA                                       (abs)        0008C
_TRISC                                       (abs)        0008E
_WDTCON                                      (abs)        00097
_WDT_Initialize                              text2        00324
_WPUA                                        (abs)        0020C
_WPUC                                        (abs)        0020E
__Habs1                                      abs1         00000
__Hbank0                                     bank0        00000
__Hbank1                                     bank1        00000
__Hbank10                                    bank10       00000
__Hbank11                                    bank11       00000
__Hbank12                                    bank12       00000
__Hbank13                                    bank13       00000
__Hbank14                                    bank14       00000
__Hbank15                                    bank15       00000
__Hbank16                                    bank16       00000
__Hbank17                                    bank17       00000
__Hbank18                                    bank18       00000
__Hbank19                                    bank19       00000
__Hbank2                                     bank2        00000
__Hbank20                                    bank20       00000
__Hbank21                                    bank21       00000
__Hbank22                                    bank22       00000
__Hbank23                                    bank23       00000
__Hbank24                                    bank24       00000
__Hbank25                                    bank25       00000
__Hbank26                                    bank26       00000
__Hbank27                                    bank27       00000
__Hbank28                                    bank28       00000
__Hbank29                                    bank29       00000
__Hbank3                                     bank3        00000
__Hbank30                                    bank30       00000
__Hbank31                                    bank31       00000
__Hbank4                                     bank4        00000
__Hbank5                                     bank5        00000
__Hbank6                                     bank6        00000
__Hbank7                                     bank7        00000
__Hbank8                                     bank8        00000
__Hbank9                                     bank9        00000
__Hbigram                                    bigram       00000
__HbssBANK0                                  bssBANK0     00000
__HbssCOMMON                                 bssCOMMON    00000
__Hcinit                                     cinit        00051
__Hclrtext                                   clrtext      00000
__Hcode                                      code         00000
__Hcommon                                    common       00000
__Hconfig                                    config       0800B
__HcstackBANK0                               cstackBANK0  00000
__HcstackCOMMON                              cstackCOMMON 00000
__HdataCOMMON                                dataCOMMON   00000
__Heeprom_data                               eeprom_data  00000
__Hend_init                                  end_init     00029
__Hfunctab                                   functab      00000
__HidataBIGRAM                               idataBIGRAM  00000
__HidataCOMMON                               idataCOMMON  00000
__Hinit                                      init         00027
__Hinittext                                  inittext     00000
__Hintentry                                  intentry     00027
__Hmaintext                                  maintext     00000
__Hpowerup                                   powerup      00000
__Hram                                       ram          00000
__Hreset_vec                                 reset_vec    00002
__Hsfr0                                      sfr0         00000
__Hsfr1                                      sfr1         00000
__Hsfr10                                     sfr10        00000
__Hsfr11                                     sfr11        00000
__Hsfr12                                     sfr12        00000
__Hsfr13                                     sfr13        00000
__Hsfr14                                     sfr14        00000
__Hsfr15                                     sfr15        00000
__Hsfr16                                     sfr16        00000
__Hsfr17                                     sfr17        00000
__Hsfr18                                     sfr18        00000
__Hsfr19                                     sfr19        00000
__Hsfr2                                      sfr2         00000
__Hsfr20                                     sfr20        00000
__Hsfr21                                     sfr21        00000
__Hsfr22                                     sfr22        00000
__Hsfr23                                     sfr23        00000
__Hsfr24                                     sfr24        00000
__Hsfr25                                     sfr25        00000
__Hsfr26                                     sfr26        00000
__Hsfr27                                     sfr27        00000
__Hsfr28                                     sfr28        00000
__Hsfr29                                     sfr29        00000
__Hsfr3                                      sfr3         00000
__Hsfr30                                     sfr30        00000
__Hsfr31                                     sfr31        00000
__Hsfr4                                      sfr4         00000
__Hsfr5                                      sfr5         00000
__Hsfr6                                      sfr6         00000
__Hsfr7                                      sfr7         00000
__Hsfr8                                      sfr8         00000
__Hsfr9                                      sfr9         00000
__Hspace_0                                   (abs)        00341
__Hspace_1                                   (abs)        0007C
__Hspace_2                                   (abs)        00000
__Hspace_3                                   (abs)        00000
__Hspace_4                                   (abs)        10012
__Hstack                                     stack        00000
__Hstrings                                   strings      00000
__Htext                                      text         00000
__Labs1                                      abs1         00000
__Lbank0                                     bank0        00000
__Lbank1                                     bank1        00000
__Lbank10                                    bank10       00000
__Lbank11                                    bank11       00000
__Lbank12                                    bank12       00000
__Lbank13                                    bank13       00000
__Lbank14                                    bank14       00000
__Lbank15                                    bank15       00000
__Lbank16                                    bank16       00000
__Lbank17                                    bank17       00000
__Lbank18                                    bank18       00000
__Lbank19                                    bank19       00000
__Lbank2                                     bank2        00000
__Lbank20                                    bank20       00000
__Lbank21                                    bank21       00000
__Lbank22                                    bank22       00000
__Lbank23                                    bank23       00000
__Lbank24                                    bank24       00000
__Lbank25                                    bank25       00000
__Lbank26                                    bank26       00000
__Lbank27                                    bank27       00000
__Lbank28                                    bank28       00000
__Lbank29                                    bank29       00000
__Lbank3                                     bank3        00000
__Lbank30                                    bank30       00000
__Lbank31                                    bank31       00000
__Lbank4                                     bank4        00000
__Lbank5                                     bank5        00000
__Lbank6                                     bank6        00000
__Lbank7                                     bank7        00000
__Lbank8                                     bank8        00000
__Lbank9                                     bank9        00000
__Lbigram                                    bigram       00000
__LbssBANK0                                  bssBANK0     00000
__LbssCOMMON                                 bssCOMMON    00000
__Lcinit                                     cinit        00029
__Lclrtext                                   clrtext      00000
__Lcode                                      code         00000
__Lcommon                                    common       00000
__Lconfig                                    config       00000
__LcstackBANK0                               cstackBANK0  00000
__LcstackCOMMON                              cstackCOMMON 00000
__LdataCOMMON                                dataCOMMON   00000
__Leeprom_data                               eeprom_data  00000
__Lend_init                                  end_init     00027
__Lfunctab                                   functab      00000
__LidataBIGRAM                               idataBIGRAM  00000
__LidataCOMMON                               idataCOMMON  00000
__Linit                                      init         00027
__Linittext                                  inittext     00000
__Lintentry                                  intentry     00004
__Lmaintext                                  maintext     00000
__Lpowerup                                   powerup      00000
__Lram                                       ram          00000
__Lreset_vec                                 reset_vec    00000
__Lsfr0                                      sfr0         00000
__Lsfr1                                      sfr1         00000
__Lsfr10                                     sfr10        00000
__Lsfr11                                     sfr11        00000
__Lsfr12                                     sfr12        00000
__Lsfr13                                     sfr13        00000
__Lsfr14                                     sfr14        00000
__Lsfr15                                     sfr15        00000
__Lsfr16                                     sfr16        00000
__Lsfr17                                     sfr17        00000
__Lsfr18                                     sfr18        00000
__Lsfr19                                     sfr19        00000
__Lsfr2                                      sfr2         00000
__Lsfr20                                     sfr20        00000
__Lsfr21                                     sfr21        00000
__Lsfr22                                     sfr22        00000
__Lsfr23                                     sfr23        00000
__Lsfr24                                     sfr24        00000
__Lsfr25                                     sfr25        00000
__Lsfr26                                     sfr26        00000
__Lsfr27                                     sfr27        00000
__Lsfr28                                     sfr28        00000
__Lsfr29                                     sfr29        00000
__Lsfr3                                      sfr3         00000
__Lsfr30                                     sfr30        00000
__Lsfr31                                     sfr31        00000
__Lsfr4                                      sfr4         00000
__Lsfr5                                      sfr5         00000
__Lsfr6                                      sfr6         00000
__Lsfr7                                      sfr7         00000
__Lsfr8                                      sfr8         00000
__Lsfr9                                      sfr9         00000
__Lspace_0                                   (abs)        00000
__Lspace_1                                   (abs)        00000
__Lspace_2                                   (abs)        00000
__Lspace_3                                   (abs)        00000
__Lspace_4                                   (abs)        00000
__Lstack                                     stack        00000
__Lstrings                                   strings      00000
__Ltext                                      text         00000
__S0                                         (abs)        00341
__S1                                         (abs)        0007C
__S2                                         (abs)        00000
__S3                                         (abs)        00000
___int_sp                                    stack        00000
___latbits                                   (abs)        00002
___sp                                        stack        00000
___stackhi                                   (abs)        0236F
___stacklo                                   (abs)        0200F
__end_of_EEPROM_I2C1_SlaveSetAddrIntHandler  text35       00250
__end_of_EEPROM_SlaveRdDataFromMaster        text27       001AC
__end_of_EEPROM_SlaveRdDataFromSlave         text21       0023B
__end_of_I2C1_Initialize                     text6        0027E
__end_of_I2C1_IsRead                         text39       00334
__end_of_I2C1_Isr                            text19       0013A
__end_of_I2C1_Open                           text7        00179
__end_of_I2C1_Read                           text37       00330
__end_of_I2C1_SlaveAddrCallBack              text34       002A5
__end_of_I2C1_SlaveClearIrq                  text33       0033D
__end_of_I2C1_SlaveDefAddrInterruptHandler   text36       002CA
__end_of_I2C1_SlaveDefRdInterruptHandler     text28       002D1
__end_of_I2C1_SlaveDefWrInterruptHandler     text22       0031A
__end_of_I2C1_SlaveEnableIrq                 text17       00337
__end_of_I2C1_SlaveGetRxData                 text38       00340
__end_of_I2C1_SlaveIsAddr                    text32       002DF
__end_of_I2C1_SlaveIsRead                    text40       00324
__end_of_I2C1_SlaveIsRxBufFull               text31       0032C
__end_of_I2C1_SlaveIsTxBufEmpty              text30       002D8
__end_of_I2C1_SlaveOpen                      text16       00261
__end_of_I2C1_SlaveRdCallBack                text26       00298
__end_of_I2C1_SlaveReleaseClock              text25       0033A
__end_of_I2C1_SlaveSendTxData                text24       0031F
__end_of_I2C1_SlaveSetAddrIntHandler         text15       0030F
__end_of_I2C1_SlaveSetBusColIntHandler       text14       00309
__end_of_I2C1_SlaveSetIsrHandler             text13       00303
__end_of_I2C1_SlaveSetReadIntHandler         text12       002FD
__end_of_I2C1_SlaveSetSlaveAddr              text11       002F7
__end_of_I2C1_SlaveSetSlaveMask              text10       002F1
__end_of_I2C1_SlaveSetWrColIntHandler        text9        002EB
__end_of_I2C1_SlaveSetWriteIntHandler        text8        002E5
__end_of_I2C1_SlaveWrCallBack                text20       0028B
__end_of_I2C1_Write                          text23       00315
__end_of_INTERRUPT_InterruptManager          intentry     00027
__end_of_OSCILLATOR_Initialize               text5        002BA
__end_of_PIN_MANAGER_Initialize              text4        001D5
__end_of_PMD_Initialize                      text3        002C2
__end_of_SYSTEM_Initialize                   text1        00271
__end_of_WDT_Initialize                      text2        00328
__end_of__initialization                     cinit        0004D
__end_of_eeprom_write                        text29       001FE
__end_of_main                                maintext     00221
__initialization                             cinit        00029
__pbssBANK0                                  bssBANK0     00020
__pbssCOMMON                                 bssCOMMON    00076
__pcstackBANK0                               cstackBANK0  0002D
__pcstackCOMMON                              cstackCOMMON 00070
__pdataBIGRAM                                (abs)        02370
__pdataCOMMON                                dataCOMMON   0007B
__pidataBIGRAM                               idataBIGRAM  00051
__pidataCOMMON                               idataCOMMON  00340
__pintentry                                  intentry     00004
__pmaintext                                  maintext     001FE
__ptext1                                     text1        00261
__ptext10                                    text10       002EB
__ptext11                                    text11       002F1
__ptext12                                    text12       002F7
__ptext13                                    text13       002FD
__ptext14                                    text14       00303
__ptext15                                    text15       00309
__ptext16                                    text16       00250
__ptext17                                    text17       00334
__ptext19                                    text19       000D1
__ptext2                                     text2        00324
__ptext20                                    text20       0027E
__ptext21                                    text21       00221
__ptext22                                    text22       00315
__ptext23                                    text23       0030F
__ptext24                                    text24       0031A
__ptext25                                    text25       00337
__ptext26                                    text26       0028B
__ptext27                                    text27       00179
__ptext28                                    text28       002CA
__ptext29                                    text29       001D5
__ptext3                                     text3        002BA
__ptext30                                    text30       002D1
__ptext31                                    text31       00328
__ptext32                                    text32       002D8
__ptext33                                    text33       0033A
__ptext34                                    text34       00298
__ptext35                                    text35       0023B
__ptext36                                    text36       002C2
__ptext37                                    text37       0032C
__ptext38                                    text38       0033D
__ptext39                                    text39       00330
__ptext4                                     text4        001AC
__ptext40                                    text40       0031F
__ptext5                                     text5        002B1
__ptext6                                     text6        00271
__ptext7                                     text7        0013A
__ptext8                                     text8        002DF
__ptext9                                     text9        002E5
__size_of_EEPROM_I2C1_SlaveSetAddrIntHandler (abs)        00000
__size_of_EEPROM_SlaveRdDataFromMaster       (abs)        00000
__size_of_EEPROM_SlaveRdDataFromSlave        (abs)        00000
__size_of_I2C1_Initialize                    (abs)        00000
__size_of_I2C1_IsRead                        (abs)        00000
__size_of_I2C1_Isr                           (abs)        00000
__size_of_I2C1_Open                          (abs)        00000
__size_of_I2C1_Read                          (abs)        00000
__size_of_I2C1_SlaveAddrCallBack             (abs)        00000
__size_of_I2C1_SlaveClearIrq                 (abs)        00000
__size_of_I2C1_SlaveDefAddrInterruptHandler  (abs)        00000
__size_of_I2C1_SlaveDefRdInterruptHandler    (abs)        00000
__size_of_I2C1_SlaveDefWrInterruptHandler    (abs)        00000
__size_of_I2C1_SlaveEnableIrq                (abs)        00000
__size_of_I2C1_SlaveGetRxData                (abs)        00000
__size_of_I2C1_SlaveIsAddr                   (abs)        00000
__size_of_I2C1_SlaveIsRead                   (abs)        00000
__size_of_I2C1_SlaveIsRxBufFull              (abs)        00000
__size_of_I2C1_SlaveIsTxBufEmpty             (abs)        00000
__size_of_I2C1_SlaveOpen                     (abs)        00000
__size_of_I2C1_SlaveRdCallBack               (abs)        00000
__size_of_I2C1_SlaveReleaseClock             (abs)        00000
__size_of_I2C1_SlaveSendTxData               (abs)        00000
__size_of_I2C1_SlaveSetAddrIntHandler        (abs)        00000
__size_of_I2C1_SlaveSetBusColIntHandler      (abs)        00000
__size_of_I2C1_SlaveSetIsrHandler            (abs)        00000
__size_of_I2C1_SlaveSetReadIntHandler        (abs)        00000
__size_of_I2C1_SlaveSetSlaveAddr             (abs)        00000
__size_of_I2C1_SlaveSetSlaveMask             (abs)        00000
__size_of_I2C1_SlaveSetWrColIntHandler       (abs)        00000
__size_of_I2C1_SlaveSetWriteIntHandler       (abs)        00000
__size_of_I2C1_SlaveWrCallBack               (abs)        00000
__size_of_I2C1_Write                         (abs)        00000
__size_of_INTERRUPT_InterruptManager         (abs)        00000
__size_of_OSCILLATOR_Initialize              (abs)        00000
__size_of_PIN_MANAGER_Initialize             (abs)        00000
__size_of_PMD_Initialize                     (abs)        00000
__size_of_SYSTEM_Initialize                  (abs)        00000
__size_of_WDT_Initialize                     (abs)        00000
__size_of_eeprom_write                       (abs)        00000
__size_of_main                               (abs)        00000
_eeprom_write                                text29       001D5
_i2c1EEMemAddr                               bssCOMMON    00077
_i2c1RdData                                  bssCOMMON    00079
_i2c1SlaveAddr                               bssBANK0     0002C
_i2c1SlaveState                              bssCOMMON    00078
_i2c1WrData                                  bssCOMMON    0007A
_isEEMemoryAddr                              bssCOMMON    00076
_main                                        maintext     001FE
btemp                                        (abs)        0007E
eeprom_write@addr                            cstackCOMMON 00071
eeprom_write@value                           cstackCOMMON 00070
end_of_initialization                        cinit        0004D
init_ram                                     inittext     002A5
int$flags                                    (abs)        0007E
intlevel0                                    functab      00000
intlevel1                                    functab      00000
intlevel2                                    functab      00000
intlevel3                                    functab      00000
intlevel4                                    functab      00000
intlevel5                                    functab      00000
reset_vec                                    reset_vec    00000
start                                        init         00027
start_initialization                         cinit        00029
wtemp0                                       (abs)        0007E


MODULE INFORMATION

Module		Function		Class		Link	Load	Size
mcc_generated_files/interrupt_manager.c
		_INTERRUPT_InterruptManager		CODE           	0004	0000	35

mcc_generated_files/interrupt_manager.c estimated size: 35

/opt/microchip/xc8/v2.32/pic/sources/c90/pic/__eewrite.c
		_eeprom_write  		CODE           	01D5	0000	41

/opt/microchip/xc8/v2.32/pic/sources/c90/pic/__eewrite.c estimated size: 41

mcc_generated_files/pin_manager.c
		_PIN_MANAGER_Initialize		CODE           	01AC	0000	41

mcc_generated_files/pin_manager.c estimated size: 41

mcc_generated_files/i2c1_slave.c
		_I2C1_Read     		CODE           	032C	0000	4
		_I2C1_SlaveSetReadIntHandler		CODE           	02F7	0000	6
		_I2C1_SlaveDefAddrInterruptHandler		CODE           	02C2	0000	8
		_I2C1_SlaveSetAddrIntHandler		CODE           	0309	0000	6
		_I2C1_SlaveIsRead		CODE           	031F	0000	5
		_I2C1_SlaveSetIsrHandler		CODE           	02FD	0000	6
		_I2C1_SlaveIsAddr		CODE           	02D8	0000	7
		_I2C1_SlaveEnableIrq		CODE           	0334	0000	3
		_I2C1_SlaveDefRdInterruptHandler		CODE           	02CA	0000	7
		_I2C1_SlaveDefWrInterruptHandler		CODE           	0315	0000	5
		_I2C1_SlaveOpen		CODE           	0250	0000	17
		_I2C1_SlaveSendTxData		CODE           	031A	0000	5
		_I2C1_SlaveSetSlaveAddr		CODE           	02F1	0000	6
		_I2C1_SlaveRdCallBack		CODE           	028B	0000	13
		_I2C1_SlaveWrCallBack		CODE           	027E	0000	13
		_I2C1_Isr      		CODE           	00D1	0000	105
		_I2C1_Open     		CODE           	013A	0000	63
		_I2C1_IsRead   		CODE           	0330	0000	4
		_I2C1_SlaveAddrCallBack		CODE           	0298	0000	13
		_I2C1_Initialize		CODE           	0271	0000	13
		_I2C1_Write    		CODE           	030F	0000	6
		_I2C1_SlaveSetWrColIntHandler		CODE           	02E5	0000	6
		_I2C1_SlaveIsTxBufEmpty		CODE           	02D1	0000	7
		_I2C1_SlaveIsRxBufFull		CODE           	0328	0000	4
		_I2C1_SlaveClearIrq		CODE           	033A	0000	3
		_I2C1_SlaveGetRxData		CODE           	033D	0000	3
		_I2C1_SlaveSetWriteIntHandler		CODE           	02DF	0000	6
		_I2C1_SlaveSetBusColIntHandler		CODE           	0303	0000	6
		_I2C1_SlaveReleaseClock		CODE           	0337	0000	3
		_I2C1_SlaveSetSlaveMask		CODE           	02EB	0000	6

mcc_generated_files/i2c1_slave.c estimated size: 359

shared
		__initialization		CODE           	0029	0000	36

shared estimated size: 36

mcc_generated_files/mcc.c
		_WDT_Initialize		CODE           	0324	0000	4
		_PMD_Initialize		CODE           	02BA	0000	8
		_OSCILLATOR_Initialize		CODE           	02B1	0000	9
		_SYSTEM_Initialize		CODE           	0261	0000	16

mcc_generated_files/mcc.c estimated size: 37

main.c
		_EEPROM_SlaveRdDataFromSlave		CODE           	0221	0000	26
		_main          		CODE           	01FE	0000	35
		_EEPROM_I2C1_SlaveSetAddrIntHandler		CODE           	023B	0000	21
		_EEPROM_SlaveRdDataFromMaster		CODE           	0179	0000	51

main.c estimated size: 133

